> Task :app:preBuild UP-TO-DATE
> Task :app:preDebugBuild UP-TO-DATE
> Task :app:mergeDebugNativeDebugMetadata NO-SOURCE
> Task :rust_core:preBuild UP-TO-DATE
> Task :rust_core:preDebugBuild UP-TO-DATE
> Task :app:generateDebugResValues
> Task :rust_core:writeDebugAarMetadata
> Task :rust_core:generateDebugResValues
> Task :app:checkDebugAarMetadata
> Task :rust_core:generateDebugResources
> Task :rust_core:packageDebugResources
> Task :app:mapDebugSourceSetPaths
> Task :app:generateDebugResources
> Task :app:packageDebugResources
> Task :app:mergeDebugResources
> Task :app:createDebugCompatibleScreenManifests
> Task :app:extractDeepLinksDebug
> Task :rust_core:extractDeepLinksDebug
> Task :app:parseDebugLocalResources
> Task :rust_core:processDebugManifest
> Task :rust_core:compileDebugLibraryResources
> Task :app:processDebugMainManifest
> Task :app:processDebugManifest
> Task :app:processDebugManifestForPackage
> Task :rust_core:parseDebugLocalResources
> Task :rust_core:javaPreCompileDebug
> Task :app:javaPreCompileDebug
> Task :app:mergeDebugShaders
> Task :rust_core:generateDebugRFile
> Task :app:compileDebugShaders NO-SOURCE
> Task :rust_core:compileDebugJavaWithJavac NO-SOURCE
> Task :app:generateDebugAssets UP-TO-DATE
> Task :rust_core:mergeDebugShaders
> Task :rust_core:compileDebugShaders NO-SOURCE
> Task :rust_core:generateDebugAssets UP-TO-DATE
> Task :rust_core:bundleLibCompileToJarDebug
> Task :rust_core:packageDebugAssets
> Task :app:mergeDebugAssets
> Task :app:compressDebugAssets
> Task :rust_core:processDebugJavaRes NO-SOURCE
> Task :app:processDebugResources
> Task :app:checkDebugDuplicateClasses
> Task :rust_core:bundleLibRuntimeToDirDebug

> Task :rust_core:cargoBuild
Building Rust core module for Android using cargo-ndk...
    Building arm64-v8a (aarch64-linux-android)
   Compiling proc-macro2 v1.0.107
   Compiling unicode-ident v1.0.24
   Compiling quote v1.0.47
   Compiling libc v0.2.189
   Compiling anyhow v1.0.104
   Compiling either v1.17.0
   Compiling autocfg v1.5.1
   Compiling itertools v0.14.0
   Compiling num-traits v0.2.19
   Compiling typenum v1.20.1
   Compiling rustix v1.1.4
   Compiling syn v2.0.119
   Compiling getrandom v0.4.3

> Task :app:desugarDebugFileDependencies

> Task :rust_core:cargoBuild
   Compiling hybrid-array v0.4.14
   Compiling equivalent v1.0.2
   Compiling bitflags v2.13.1
   Compiling regex-syntax v0.8.11
   Compiling bytes v1.12.1
   Compiling prettyplease v0.2.37
   Compiling hashbrown v0.17.1
   Compiling linux-raw-sys v0.12.1
   Compiling cfg-if v1.0.4
   Compiling regex-automata v0.4.16
   Compiling indexmap v2.14.0
   Compiling prost-derive v0.13.5
   Compiling once_cell v1.21.4
   Compiling fastrand v2.5.0
   Compiling fixedbitset v0.5.7
   Compiling tempfile v3.27.0
   Compiling petgraph v0.7.1
   Compiling regex v1.13.1
   Compiling jni-sys-macros v0.4.1
   Compiling prost v0.13.5
   Compiling num-integer v0.1.46
   Compiling prost-types v0.13.5
   Compiling inout v0.2.2
   Compiling crypto-common v0.2.2
   Compiling block-buffer v0.12.1
   Compiling thiserror v1.0.69
   Compiling multimap v0.10.1
   Compiling jni-sys v0.3.1
   Compiling log v0.4.33
   Compiling heck v0.5.0
   Compiling cipher v0.5.2
   Compiling prost-build v0.13.5
   Compiling jni-sys v0.4.1
   Compiling thiserror-impl v1.0.69
   Compiling memchr v2.8.3
   Compiling strength_reduce v0.2.4
   Compiling combine v4.6.7
   Compiling rust_core v0.1.0 (/app/rust_core)
   Compiling transpose v0.2.3
   Compiling cpufeatures v0.3.0
   Compiling primal-check v0.3.4
   Compiling num-complex v0.4.6
   Compiling cesu8 v1.1.0
   Compiling cpubits v0.1.1
   Compiling aes v0.9.2
   Compiling rustfft v6.4.1
   Compiling ctr v0.10.1

> Task :app:compileDebugKotlin

> Task :rust_core:cargoBuild
   Compiling jni v0.21.1
    Finished `release` profile [optimized] target(s) in 44.90s
    Building armeabi-v7a (armv7-linux-androideabi)
   Compiling typenum v1.20.1
   Compiling num-traits v0.2.19
   Compiling bytes v1.12.1
   Compiling jni-sys v0.3.1
   Compiling thiserror v1.0.69
   Compiling jni-sys v0.4.1
   Compiling strength_reduce v0.2.4
   Compiling memchr v2.8.3
   Compiling hybrid-array v0.4.14
   Compiling num-integer v0.1.46
   Compiling combine v4.6.7
   Compiling transpose v0.2.3
   Compiling primal-check v0.3.4
   Compiling block-buffer v0.12.1
   Compiling crypto-common v0.2.2
   Compiling inout v0.2.2
   Compiling num-complex v0.4.6
   Compiling cesu8 v1.1.0
   Compiling cfg-if v1.0.4
   Compiling cpubits v0.1.1
   Compiling log v0.4.33
   Compiling rustfft v6.4.1
   Compiling rust_core v0.1.0 (/app/rust_core)
   Compiling cipher v0.5.2
   Compiling prost v0.13.5
   Compiling ctr v0.10.1
   Compiling aes v0.9.2
   Compiling jni v0.21.1
    Finished `release` profile [optimized] target(s) in 16.18s
    Building x86 (i686-linux-android)
   Compiling typenum v1.20.1
   Compiling num-traits v0.2.19
   Compiling bytes v1.12.1
   Compiling thiserror v1.0.69
   Compiling jni-sys v0.3.1
   Compiling jni-sys v0.4.1
   Compiling memchr v2.8.3
   Compiling hybrid-array v0.4.14
   Compiling num-integer v0.1.46
   Compiling strength_reduce v0.2.4
   Compiling num-complex v0.4.6
   Compiling transpose v0.2.3
   Compiling primal-check v0.3.4
   Compiling block-buffer v0.12.1
   Compiling crypto-common v0.2.2
   Compiling inout v0.2.2
   Compiling combine v4.6.7
   Compiling log v0.4.33
   Compiling cfg-if v1.0.4
   Compiling cesu8 v1.1.0
   Compiling cpubits v0.1.1
   Compiling cpufeatures v0.3.0
   Compiling rust_core v0.1.0 (/app/rust_core)
   Compiling rustfft v6.4.1
   Compiling cipher v0.5.2
   Compiling aes v0.9.2
   Compiling ctr v0.10.1
   Compiling prost v0.13.5
   Compiling jni v0.21.1
    Finished `release` profile [optimized] target(s) in 16.62s
    Building x86_64 (x86_64-linux-android)
   Compiling typenum v1.20.1
   Compiling num-traits v0.2.19
   Compiling bytes v1.12.1
   Compiling thiserror v1.0.69
   Compiling jni-sys v0.3.1
   Compiling jni-sys v0.4.1
   Compiling strength_reduce v0.2.4
   Compiling memchr v2.8.3
   Compiling hybrid-array v0.4.14
   Compiling num-integer v0.1.46
   Compiling combine v4.6.7
   Compiling inout v0.2.2
   Compiling block-buffer v0.12.1
   Compiling crypto-common v0.2.2
   Compiling primal-check v0.3.4
   Compiling transpose v0.2.3
   Compiling num-complex v0.4.6
   Compiling cpufeatures v0.3.0
   Compiling cfg-if v1.0.4
   Compiling cesu8 v1.1.0
   Compiling cpubits v0.1.1
   Compiling log v0.4.33
   Compiling rustfft v6.4.1
   Compiling cipher v0.5.2
   Compiling ctr v0.10.1
   Compiling aes v0.9.2
   Compiling rust_core v0.1.0 (/app/rust_core)
   Compiling prost v0.13.5
   Compiling jni v0.21.1
    Finished `release` profile [optimized] target(s) in 28.13s
     Copying libraries to /app/app/src/main/jniLibs

> Task :app:compileDebugJavaWithJavac NO-SOURCE
> Task :app:processDebugJavaRes
> Task :app:mergeDebugJavaResource
> Task :app:mergeExtDexDebug
> Task :app:mergeLibDexDebug
> Task :app:dexBuilderDebug
> Task :app:mergeProjectDexDebug
> Task :app:mergeDebugJniLibFolders
> Task :rust_core:mergeDebugJniLibFolders
> Task :rust_core:mergeDebugNativeLibs NO-SOURCE
> Task :rust_core:copyDebugJniLibsProjectOnly
> Task :app:validateSigningDebug
> Task :app:writeDebugAppMetadata
> Task :app:mergeDebugNativeLibs
> Task :app:writeDebugSigningConfigVersions
> Task :rust_core:stripDebugDebugSymbols NO-SOURCE
> Task :rust_core:copyDebugJniLibsProjectAndLocalJars
> Task :app:stripDebugDebugSymbols
> Task :rust_core:extractDebugAnnotations
> Task :rust_core:extractDeepLinksForAarDebug
> Task :rust_core:mergeDebugGeneratedProguardFiles
> Task :rust_core:mergeDebugConsumerProguardFiles
> Task :rust_core:prepareDebugArtProfile
> Task :rust_core:prepareLintJarForPublish
> Task :rust_core:mergeDebugJavaResource
> Task :rust_core:syncDebugLibJars
> Task :rust_core:bundleDebugAar
> Task :rust_core:assembleDebug
> Task :app:packageDebug
> Task :app:createDebugApkListingFileRedirect
> Task :app:assembleDebug

BUILD SUCCESSFUL in 3m 18s
61 actionable tasks: 61 executed
